I'm sorry, but errors were detected in your script. Please correct the
errors listed below, and try again.


File "game/script.rpy", line 77: Line is indented, but the preceding say statement statement does not expect a block. Please check this line's indentation. You may have forgotten a colon (:).
    scene bg room with dissolve
    ^

Ren'Py Version: Ren'Py 8.3.2.24090902
Thu Oct 24 17:31:41 2024
